Watching for file changes with StatReloader
C:\mobile_backend\core\views.py changed, reloading.
Watching for file changes with StatReloader
C:\mobile_backend\core\views.py changed, reloading.
Watching for file changes with StatReloader
Watching for file changes with StatReloader
Unauthorized: /api/profile/
"GET /api/profile/ HTTP/1.1" 401 172
Unauthorized: /api/login/
"POST /api/login/ HTTP/1.1" 401 31
"POST /api/register/ HTTP/1.1" 201 29
Bad Request: /api/login/
"POST /api/login/ HTTP/1.1" 400 103
"POST /api/login/ HTTP/1.1" 200 489
Profile accessed by user: testuser1
"GET /api/profile/ HTTP/1.1" 200 69
Method Not Allowed: /api/profile/
"PUT /api/profile/ HTTP/1.1" 405 40
Method Not Allowed: /api/profile/
"PATCH /api/profile/ HTTP/1.1" 405 42
Method Not Allowed: /api/profile/
"PATCH /api/profile/ HTTP/1.1" 405 42
C:\mobile_backend\core\views.py changed, reloading.
Watching for file changes with StatReloader
Watching for file changes with StatReloader
C:\mobile_backend\core\views.py changed, reloading.
Watching for file changes with StatReloader
C:\mobile_backend\core\views.py changed, reloading.
Watching for file changes with StatReloader
C:\mobile_backend\core\views.py changed, reloading.
Watching for file changes with StatReloader
Watching for file changes with StatReloader
C:\mobile_backend\core\urls.py changed, reloading.
Watching for file changes with StatReloader
Watching for file changes with StatReloader
Profile updated: testuser1 - Data: {'full_name': 'Test User One'}
"PATCH /api/profile/ HTTP/1.1" 200 69
Profile updated: testuser1 - Data: {'full_name': 'Test User One'}
"PATCH /api/profile/ HTTP/1.1" 200 69
C:\mobile_backend\core\serializers.py changed, reloading.
Watching for file changes with StatReloader
C:\mobile_backend\core\serializers.py changed, reloading.
Watching for file changes with StatReloader
Profile updated: testuser1 - Data: {'full_name': 'Test User One'}
"PATCH /api/profile/ HTTP/1.1" 200 97
C:\mobile_backend\core\views.py changed, reloading.
Watching for file changes with StatReloader
C:\mobile_backend\core\views.py changed, reloading.
Watching for file changes with StatReloader
C:\mobile_backend\core\views.py changed, reloading.
Watching for file changes with StatReloader
C:\mobile_backend\core\views.py changed, reloading.
Watching for file changes with StatReloader
C:\mobile_backend\core\views.py changed, reloading.
Watching for file changes with StatReloader
Watching for file changes with StatReloader
Watching for file changes with StatReloader
Unauthorized: /api/profile/
"GET /api/profile/ HTTP/1.1" 401 172
Unauthorized: /api/login/
"POST /api/login/ HTTP/1.1" 401 31
"POST /api/login/ HTTP/1.1" 200 489
"GET /api/profile/ HTTP/1.1" 200 97
