ERROR 2026-10-08 17:07:49,513 log Internal Server Error: /api/schema/
Traceback (most recent call last):
  File "C:\Users\BlackRoth\PycharmProjects\mobile_backend\.venv\Lib\site-packages\django\core\handlers\exception.py", line 56, in inner
    response = get_response(request)
  File "C:\Users\BlackRoth\PycharmProjects\mobile_backend\.venv\Lib\site-packages\django\core\handlers\base.py", line 199, in _get_response
    response = wrapped_callback(request, *callback_args, **callback_kwargs)
  File "C:\Users\BlackRoth\PycharmProjects\mobile_backend\.venv\Lib\site-packages\django\views\decorators\csrf.py", line 64, in _view_wrapper
    return view_func(request, *args, **kwargs)
  File "C:\Users\BlackRoth\PycharmProjects\mobile_backend\.venv\Lib\site-packages\django\views\generic\base.py", line 105, in view
    return self.dispatch(request, *args, **kwargs)
           ~~~~~~~~~~~~~^^^^^^^^^^^^^^^^^^^^^^^^^^
  File "C:\Users\BlackRoth\PycharmProjects\mobile_backend\.venv\Lib\site-packages\rest_framework\views.py", line 526, in dispatch
    response = self.handle_exception(exc)
  File "C:\Users\BlackRoth\PycharmProjects\mobile_backend\.venv\Lib\site-packages\rest_framework\views.py", line 474, in handle_exception
    self.raise_uncaught_exception(exc)
    ~~~~~~~~~~~~~~~~~~~~~~~~~~~~~^^^^^
  File "C:\Users\BlackRoth\PycharmProjects\mobile_backend\.venv\Lib\site-packages\rest_framework\views.py", line 485, in raise_uncaught_exception
    raise exc
  File "C:\Users\BlackRoth\PycharmProjects\mobile_backend\.venv\Lib\site-packages\rest_framework\views.py", line 523, in dispatch
    response = handler(request, *args, **kwargs)
  File "C:\Users\BlackRoth\PycharmProjects\mobile_backend\.venv\Lib\site-packages\drf_spectacular\views.py", line 84, in get
    return self._get_schema_response(request)
           ~~~~~~~~~~~~~~~~~~~~~~~~~^^^^^^^^^
  File "C:\Users\BlackRoth\PycharmProjects\mobile_backend\.venv\Lib\site-packages\drf_spectacular\views.py", line 92, in _get_schema_response
    data=generator.get_schema(request=request, public=self.serve_public),
         ~~~~~~~~~~~~~~~~~~~~^^^^^^^^^^^^^^^^^^^^^^^^^^^^^^^^^^^^^^^^^^^
  File "C:\Users\BlackRoth\PycharmProjects\mobile_backend\.venv\Lib\site-packages\drf_spectacular\generators.py", line 287, in get_schema
    paths=self.parse(request, public),
          ~~~~~~~~~~^^^^^^^^^^^^^^^^^
  File "C:\Users\BlackRoth\PycharmProjects\mobile_backend\.venv\Lib\site-packages\drf_spectacular\generators.py", line 258, in parse
    operation = view.schema.get_operation(
        path, path_regex, path_prefix, method, self.registry
    )
  File "C:\Users\BlackRoth\PycharmProjects\mobile_backend\.venv\Lib\site-packages\drf_spectacular\openapi.py", line 113, in get_operation
    operation['responses'] = self._get_response_bodies()
                             ~~~~~~~~~~~~~~~~~~~~~~~~~^^
  File "C:\Users\BlackRoth\PycharmProjects\mobile_backend\.venv\Lib\site-packages\drf_spectacular\openapi.py", line 1449, in _get_response_bodies
    return {'200': self._get_response_for_code(response_serializers, '200', direction=direction)}
                   ~~~~~~~~~~~~~~~~~~~~~~~~~~~^^^^^^^^^^^^^^^^^^^^^^^^^^^^^^^^^^^^^^^^^^^^^^^^^^
  File "C:\Users\BlackRoth\PycharmProjects\mobile_backend\.venv\Lib\site-packages\drf_spectacular\openapi.py", line 1505, in _get_response_for_code
    component = self.resolve_serializer(serializer, direction)
  File "C:\Users\BlackRoth\PycharmProjects\mobile_backend\.venv\Lib\site-packages\drf_spectacular\openapi.py", line 1700, in resolve_serializer
    component.schema = self._map_serializer(serializer, direction, bypass_extensions)
                       ~~~~~~~~~~~~~~~~~~~~^^^^^^^^^^^^^^^^^^^^^^^^^^^^^^^^^^^^^^^^^^
  File "C:\Users\BlackRoth\PycharmProjects\mobile_backend\.venv\Lib\site-packages\drf_spectacular\openapi.py", line 990, in _map_serializer
    schema = self._map_basic_serializer(serializer, direction)
  File "C:\Users\BlackRoth\PycharmProjects\mobile_backend\.venv\Lib\site-packages\drf_spectacular\openapi.py", line 1083, in _map_basic_serializer
    for field in serializer.fields.values():
                 ^^^^^^^^^^^^^^^^^
  File "C:\Users\BlackRoth\PycharmProjects\mobile_backend\.venv\Lib\site-packages\django\utils\functional.py", line 47, in __get__
    res = instance.__dict__[self.name] = self.func(instance)
                                         ~~~~~~~~~^^^^^^^^^^
  File "C:\Users\BlackRoth\PycharmProjects\mobile_backend\.venv\Lib\site-packages\rest_framework\serializers.py", line 386, in fields
    for key, value in self.get_fields().items():
                      ~~~~~~~~~~~~~~~^^
  File "C:\Users\BlackRoth\PycharmProjects\mobile_backend\.venv\Lib\site-packages\rest_framework\serializers.py", line 1141, in get_fields
    field_class, field_kwargs = self.build_field(
                                ~~~~~~~~~~~~~~~~^
        source, info, model, depth
        ^^^^^^^^^^^^^^^^^^^^^^^^^^
    )
    ^
  File "C:\Users\BlackRoth\PycharmProjects\mobile_backend\.venv\Lib\site-packages\rest_framework\serializers.py", line 1287, in build_field
    return self.build_unknown_field(field_name, model_class)
           ~~~~~~~~~~~~~~~~~~~~~~~~^^^^^^^^^^^^^^^^^^^^^^^^^
  File "C:\Users\BlackRoth\PycharmProjects\mobile_backend\.venv\Lib\site-packages\rest_framework\serializers.py", line 1405, in build_unknown_field
    raise ImproperlyConfigured(
    ...<2 lines>...
    )
django.core.exceptions.ImproperlyConfigured: Field name `pickup_location` is not valid for model `Ride` in `rides.serializers.RideListSerializer`.
ERROR 2026-10-08 17:07:49,649 log Internal Server Error: /api/schema/
Traceback (most recent call last):
  File "C:\Users\BlackRoth\PycharmProjects\mobile_backend\.venv\Lib\site-packages\django\core\handlers\exception.py", line 56, in inner
    response = get_response(request)
  File "C:\Users\BlackRoth\PycharmProjects\mobile_backend\.venv\Lib\site-packages\django\core\handlers\base.py", line 199, in _get_response
    response = wrapped_callback(request, *callback_args, **callback_kwargs)
  File "C:\Users\BlackRoth\PycharmProjects\mobile_backend\.venv\Lib\site-packages\django\views\decorators\csrf.py", line 64, in _view_wrapper
    return view_func(request, *args, **kwargs)
  File "C:\Users\BlackRoth\PycharmProjects\mobile_backend\.venv\Lib\site-packages\django\views\generic\base.py", line 105, in view
    return self.dispatch(request, *args, **kwargs)
           ~~~~~~~~~~~~~^^^^^^^^^^^^^^^^^^^^^^^^^^
  File "C:\Users\BlackRoth\PycharmProjects\mobile_backend\.venv\Lib\site-packages\rest_framework\views.py", line 526, in dispatch
    response = self.handle_exception(exc)
  File "C:\Users\BlackRoth\PycharmProjects\mobile_backend\.venv\Lib\site-packages\rest_framework\views.py", line 474, in handle_exception
    self.raise_uncaught_exception(exc)
    ~~~~~~~~~~~~~~~~~~~~~~~~~~~~~^^^^^
  File "C:\Users\BlackRoth\PycharmProjects\mobile_backend\.venv\Lib\site-packages\rest_framework\views.py", line 485, in raise_uncaught_exception
    raise exc
  File "C:\Users\BlackRoth\PycharmProjects\mobile_backend\.venv\Lib\site-packages\rest_framework\views.py", line 523, in dispatch
    response = handler(request, *args, **kwargs)
  File "C:\Users\BlackRoth\PycharmProjects\mobile_backend\.venv\Lib\site-packages\drf_spectacular\views.py", line 84, in get
    return self._get_schema_response(request)
           ~~~~~~~~~~~~~~~~~~~~~~~~~^^^^^^^^^
  File "C:\Users\BlackRoth\PycharmProjects\mobile_backend\.venv\Lib\site-packages\drf_spectacular\views.py", line 92, in _get_schema_response
    data=generator.get_schema(request=request, public=self.serve_public),
         ~~~~~~~~~~~~~~~~~~~~^^^^^^^^^^^^^^^^^^^^^^^^^^^^^^^^^^^^^^^^^^^
  File "C:\Users\BlackRoth\PycharmProjects\mobile_backend\.venv\Lib\site-packages\drf_spectacular\generators.py", line 287, in get_schema
    paths=self.parse(request, public),
          ~~~~~~~~~~^^^^^^^^^^^^^^^^^
  File "C:\Users\BlackRoth\PycharmProjects\mobile_backend\.venv\Lib\site-packages\drf_spectacular\generators.py", line 258, in parse
    operation = view.schema.get_operation(
        path, path_regex, path_prefix, method, self.registry
    )
  File "C:\Users\BlackRoth\PycharmProjects\mobile_backend\.venv\Lib\site-packages\drf_spectacular\openapi.py", line 113, in get_operation
    operation['responses'] = self._get_response_bodies()
                             ~~~~~~~~~~~~~~~~~~~~~~~~~^^
  File "C:\Users\BlackRoth\PycharmProjects\mobile_backend\.venv\Lib\site-packages\drf_spectacular\openapi.py", line 1449, in _get_response_bodies
    return {'200': self._get_response_for_code(response_serializers, '200', direction=direction)}
                   ~~~~~~~~~~~~~~~~~~~~~~~~~~~^^^^^^^^^^^^^^^^^^^^^^^^^^^^^^^^^^^^^^^^^^^^^^^^^^
  File "C:\Users\BlackRoth\PycharmProjects\mobile_backend\.venv\Lib\site-packages\drf_spectacular\openapi.py", line 1505, in _get_response_for_code
    component = self.resolve_serializer(serializer, direction)
  File "C:\Users\BlackRoth\PycharmProjects\mobile_backend\.venv\Lib\site-packages\drf_spectacular\openapi.py", line 1700, in resolve_serializer
    component.schema = self._map_serializer(serializer, direction, bypass_extensions)
                       ~~~~~~~~~~~~~~~~~~~~^^^^^^^^^^^^^^^^^^^^^^^^^^^^^^^^^^^^^^^^^^
  File "C:\Users\BlackRoth\PycharmProjects\mobile_backend\.venv\Lib\site-packages\drf_spectacular\openapi.py", line 990, in _map_serializer
    schema = self._map_basic_serializer(serializer, direction)
  File "C:\Users\BlackRoth\PycharmProjects\mobile_backend\.venv\Lib\site-packages\drf_spectacular\openapi.py", line 1083, in _map_basic_serializer
    for field in serializer.fields.values():
                 ^^^^^^^^^^^^^^^^^
  File "C:\Users\BlackRoth\PycharmProjects\mobile_backend\.venv\Lib\site-packages\django\utils\functional.py", line 47, in __get__
    res = instance.__dict__[self.name] = self.func(instance)
                                         ~~~~~~~~~^^^^^^^^^^
  File "C:\Users\BlackRoth\PycharmProjects\mobile_backend\.venv\Lib\site-packages\rest_framework\serializers.py", line 386, in fields
    for key, value in self.get_fields().items():
                      ~~~~~~~~~~~~~~~^^
  File "C:\Users\BlackRoth\PycharmProjects\mobile_backend\.venv\Lib\site-packages\rest_framework\serializers.py", line 1141, in get_fields
    field_class, field_kwargs = self.build_field(
                                ~~~~~~~~~~~~~~~~^
        source, info, model, depth
        ^^^^^^^^^^^^^^^^^^^^^^^^^^
    )
    ^
  File "C:\Users\BlackRoth\PycharmProjects\mobile_backend\.venv\Lib\site-packages\rest_framework\serializers.py", line 1287, in build_field
    return self.build_unknown_field(field_name, model_class)
           ~~~~~~~~~~~~~~~~~~~~~~~~^^^^^^^^^^^^^^^^^^^^^^^^^
  File "C:\Users\BlackRoth\PycharmProjects\mobile_backend\.venv\Lib\site-packages\rest_framework\serializers.py", line 1405, in build_unknown_field
    raise ImproperlyConfigured(
    ...<2 lines>...
    )
django.core.exceptions.ImproperlyConfigured: Field name `pickup_location` is not valid for model `Ride` in `rides.serializers.RideListSerializer`.
